2025-04-06T03:21:39.762+02:00  INFO 15398 --- [movieCrudApp] [restartedMain] c.example.demo.MovieCrudAppApplication   : Starting MovieCrudAppApplication using Java 21.0.6 with PID 15398 (/home/ano2/Downloads/college/1- projects (programing)/springBoot/movieCrudApp/target/classes started by ano2 in /home/ano2/Downloads/college/1- projects (programing)/springBoot/movieCrudApp)
2025-04-06T03:21:39.772+02:00  INFO 15398 --- [movieCrudApp] [restartedMain] c.example.demo.MovieCrudAppApplication   : No active profile set, falling back to 1 default profile: "default"
2025-04-06T03:21:39.844+02:00  INFO 15398 --- [movieCrudApp] [restartedMain] .e.DevToolsPropertyDefaultsPostProcessor : Devtools property defaults active! Set 'spring.devtools.add-properties' to 'false' to disable
2025-04-06T03:21:39.845+02:00  INFO 15398 --- [movieCrudApp] [restartedMain] .e.DevToolsPropertyDefaultsPostProcessor : For additional web related logging consider setting the 'logging.level.web' property to 'DEBUG'
2025-04-06T03:21:40.761+02:00  INFO 15398 --- [movieCrudApp] [restartedMain] .s.d.r.c.RepositoryConfigurationDelegate : Bootstrapping Spring Data JPA repositories in DEFAULT mode.
2025-04-06T03:21:40.824+02:00  INFO 15398 --- [movieCrudApp] [restartedMain] .s.d.r.c.RepositoryConfigurationDelegate : Finished Spring Data repository scanning in 49 ms. Found 1 JPA repository interface.
2025-04-06T03:21:41.323+02:00  INFO 15398 --- [movieCrudApp] [restartedMain] o.s.b.w.embedded.tomcat.TomcatWebServer  : Tomcat initialized with port 8080 (http)
2025-04-06T03:21:41.343+02:00  INFO 15398 --- [movieCrudApp] [restartedMain] o.apache.catalina.core.StandardService   : Starting service [Tomcat]
2025-04-06T03:21:41.344+02:00  INFO 15398 --- [movieCrudApp] [restartedMain] o.apache.catalina.core.StandardEngine    : Starting Servlet engine: [Apache Tomcat/10.1.39]
2025-04-06T03:21:41.381+02:00  INFO 15398 --- [movieCrudApp] [restartedMain] o.a.c.c.C.[Tomcat].[localhost].[/]       : Initializing Spring embedded WebApplicationContext
2025-04-06T03:21:41.381+02:00  INFO 15398 --- [movieCrudApp] [restartedMain] w.s.c.ServletWebServerApplicationContext : Root WebApplicationContext: initialization completed in 1535 ms
2025-04-06T03:21:41.558+02:00  INFO 15398 --- [movieCrudApp] [restartedMain] o.hibernate.jpa.internal.util.LogHelper  : HHH000204: Processing PersistenceUnitInfo [name: default]
2025-04-06T03:21:41.622+02:00  INFO 15398 --- [movieCrudApp] [restartedMain] org.hibernate.Version                    : HHH000412: Hibernate ORM core version 6.6.11.Final
2025-04-06T03:21:41.673+02:00  INFO 15398 --- [movieCrudApp] [restartedMain] o.h.c.internal.RegionFactoryInitiator    : HHH000026: Second-level cache disabled
2025-04-06T03:21:41.928+02:00  INFO 15398 --- [movieCrudApp] [restartedMain] o.s.o.j.p.SpringPersistenceUnitInfo      : No LoadTimeWeaver setup: ignoring JPA class transformer
2025-04-06T03:21:41.961+02:00  INFO 15398 --- [movieCrudApp] [restartedMain] com.zaxxer.hikari.HikariDataSource       : HikariPool-1 - Starting...
2025-04-06T03:21:42.495+02:00  INFO 15398 --- [movieCrudApp] [restartedMain] com.zaxxer.hikari.pool.HikariPool        : HikariPool-1 - Added connection com.mysql.cj.jdbc.ConnectionImpl@639a1619
2025-04-06T03:21:42.498+02:00  INFO 15398 --- [movieCrudApp] [restartedMain] com.zaxxer.hikari.HikariDataSource       : HikariPool-1 - Start completed.
2025-04-06T03:21:42.609+02:00  INFO 15398 --- [movieCrudApp] [restartedMain] org.hibernate.orm.connections.pooling    : HHH10001005: Database info:
	Database JDBC URL [Connecting through datasource 'HikariDataSource (HikariPool-1)']
	Database driver: undefined/unknown
	Database version: 8.0.41
	Autocommit mode: undefined/unknown
	Isolation level: undefined/unknown
	Minimum pool size: undefined/unknown
	Maximum pool size: undefined/unknown
2025-04-06T03:21:43.808+02:00  INFO 15398 --- [movieCrudApp] [restartedMain] o.h.e.t.j.p.i.JtaPlatformInitiator       : HHH000489: No JTA platform available (set 'hibernate.transaction.jta.platform' to enable JTA platform integration)
2025-04-06T03:21:43.913+02:00  INFO 15398 --- [movieCrudApp] [restartedMain] j.LocalContainerEntityManagerFactoryBean : Initialized JPA EntityManagerFactory for persistence unit 'default'
2025-04-06T03:21:44.351+02:00  WARN 15398 --- [movieCrudApp] [restartedMain] JpaBaseConfiguration$JpaWebConfiguration : spring.jpa.open-in-view is enabled by default. Therefore, database queries may be performed during view rendering. Explicitly configure spring.jpa.open-in-view to disable this warning
2025-04-06T03:21:44.733+02:00  INFO 15398 --- [movieCrudApp] [restartedMain] o.s.b.d.a.OptionalLiveReloadServer       : LiveReload server is running on port 35729
2025-04-06T03:21:44.761+02:00  INFO 15398 --- [movieCrudApp] [restartedMain] o.s.b.w.embedded.tomcat.TomcatWebServer  : Tomcat started on port 8080 (http) with context path '/'
2025-04-06T03:21:44.770+02:00  INFO 15398 --- [movieCrudApp] [restartedMain] c.example.demo.MovieCrudAppApplication   : Started MovieCrudAppApplication in 5.652 seconds (process running for 6.202)
2025-04-06T03:22:09.381+02:00  INFO 15398 --- [movieCrudApp] [http-nio-8080-exec-2] o.a.c.c.C.[Tomcat].[localhost].[/]       : Initializing Spring DispatcherServlet 'dispatcherServlet'
2025-04-06T03:22:09.381+02:00  INFO 15398 --- [movieCrudApp] [http-nio-8080-exec-2] o.s.web.servlet.DispatcherServlet        : Initializing Servlet 'dispatcherServlet'
2025-04-06T03:22:09.383+02:00  INFO 15398 --- [movieCrudApp] [http-nio-8080-exec-2] o.s.web.servlet.DispatcherServlet        : Completed initialization in 2 ms
2025-04-06T03:23:49.359+02:00  INFO 15398 --- [movieCrudApp] [SpringApplicationShutdownHook] o.s.b.w.e.tomcat.GracefulShutdown        : Commencing graceful shutdown. Waiting for active requests to complete
2025-04-06T03:23:49.367+02:00  INFO 15398 --- [movieCrudApp] [tomcat-shutdown] o.s.b.w.e.tomcat.GracefulShutdown        : Graceful shutdown complete
2025-04-06T03:23:49.373+02:00  INFO 15398 --- [movieCrudApp] [SpringApplicationShutdownHook] j.LocalContainerEntityManagerFactoryBean : Closing JPA EntityManagerFactory for persistence unit 'default'
2025-04-06T03:23:49.389+02:00  INFO 15398 --- [movieCrudApp] [SpringApplicationShutdownHook] com.zaxxer.hikari.HikariDataSource       : HikariPool-1 - Shutdown initiated...
2025-04-06T03:23:49.409+02:00  INFO 15398 --- [movieCrudApp] [SpringApplicationShutdownHook] com.zaxxer.hikari.HikariDataSource       : HikariPool-1 - Shutdown completed.
2025-04-06T04:03:15.241+02:00  INFO 18708 --- [movieCrudApp] [restartedMain] c.example.demo.MovieCrudAppApplication   : Starting MovieCrudAppApplication using Java 21.0.6 with PID 18708 (/home/ano2/Downloads/college/1- projects (programing)/springBoot/movieCrudApp/target/classes started by ano2 in /home/ano2/Downloads/college/1- projects (programing)/springBoot/movieCrudApp)
2025-04-06T04:03:15.243+02:00  INFO 18708 --- [movieCrudApp] [restartedMain] c.example.demo.MovieCrudAppApplication   : No active profile set, falling back to 1 default profile: "default"
2025-04-06T04:03:15.297+02:00  INFO 18708 --- [movieCrudApp] [restartedMain] .e.DevToolsPropertyDefaultsPostProcessor : Devtools property defaults active! Set 'spring.devtools.add-properties' to 'false' to disable
2025-04-06T04:03:15.298+02:00  INFO 18708 --- [movieCrudApp] [restartedMain] .e.DevToolsPropertyDefaultsPostProcessor : For additional web related logging consider setting the 'logging.level.web' property to 'DEBUG'
2025-04-06T04:03:16.087+02:00  INFO 18708 --- [movieCrudApp] [restartedMain] .s.d.r.c.RepositoryConfigurationDelegate : Bootstrapping Spring Data JPA repositories in DEFAULT mode.
2025-04-06T04:03:16.167+02:00  INFO 18708 --- [movieCrudApp] [restartedMain] .s.d.r.c.RepositoryConfigurationDelegate : Finished Spring Data repository scanning in 64 ms. Found 1 JPA repository interface.
2025-04-06T04:03:16.902+02:00  INFO 18708 --- [movieCrudApp] [restartedMain] o.s.b.w.embedded.tomcat.TomcatWebServer  : Tomcat initialized with port 8080 (http)
2025-04-06T04:03:16.927+02:00  INFO 18708 --- [movieCrudApp] [restartedMain] o.apache.catalina.core.StandardService   : Starting service [Tomcat]
2025-04-06T04:03:16.927+02:00  INFO 18708 --- [movieCrudApp] [restartedMain] o.apache.catalina.core.StandardEngine    : Starting Servlet engine: [Apache Tomcat/10.1.39]
2025-04-06T04:03:16.979+02:00  INFO 18708 --- [movieCrudApp] [restartedMain] o.a.c.c.C.[Tomcat].[localhost].[/]       : Initializing Spring embedded WebApplicationContext
2025-04-06T04:03:16.980+02:00  INFO 18708 --- [movieCrudApp] [restartedMain] w.s.c.ServletWebServerApplicationContext : Root WebApplicationContext: initialization completed in 1682 ms
2025-04-06T04:03:17.209+02:00  INFO 18708 --- [movieCrudApp] [restartedMain] o.hibernate.jpa.internal.util.LogHelper  : HHH000204: Processing PersistenceUnitInfo [name: default]
2025-04-06T04:03:17.290+02:00  INFO 18708 --- [movieCrudApp] [restartedMain] org.hibernate.Version                    : HHH000412: Hibernate ORM core version 6.6.11.Final
2025-04-06T04:03:17.361+02:00  INFO 18708 --- [movieCrudApp] [restartedMain] o.h.c.internal.RegionFactoryInitiator    : HHH000026: Second-level cache disabled
2025-04-06T04:03:17.767+02:00  INFO 18708 --- [movieCrudApp] [restartedMain] o.s.o.j.p.SpringPersistenceUnitInfo      : No LoadTimeWeaver setup: ignoring JPA class transformer
2025-04-06T04:03:17.807+02:00  INFO 18708 --- [movieCrudApp] [restartedMain] com.zaxxer.hikari.HikariDataSource       : HikariPool-1 - Starting...
2025-04-06T04:03:18.227+02:00  INFO 18708 --- [movieCrudApp] [restartedMain] com.zaxxer.hikari.pool.HikariPool        : HikariPool-1 - Added connection com.mysql.cj.jdbc.ConnectionImpl@2aba43dc
2025-04-06T04:03:18.230+02:00  INFO 18708 --- [movieCrudApp] [restartedMain] com.zaxxer.hikari.HikariDataSource       : HikariPool-1 - Start completed.
2025-04-06T04:03:18.333+02:00  INFO 18708 --- [movieCrudApp] [restartedMain] org.hibernate.orm.connections.pooling    : HHH10001005: Database info:
	Database JDBC URL [Connecting through datasource 'HikariDataSource (HikariPool-1)']
	Database driver: undefined/unknown
	Database version: 8.0.41
	Autocommit mode: undefined/unknown
	Isolation level: undefined/unknown
	Minimum pool size: undefined/unknown
	Maximum pool size: undefined/unknown
2025-04-06T04:03:19.190+02:00  INFO 18708 --- [movieCrudApp] [restartedMain] o.h.e.t.j.p.i.JtaPlatformInitiator       : HHH000489: No JTA platform available (set 'hibernate.transaction.jta.platform' to enable JTA platform integration)
2025-04-06T04:03:19.240+02:00  INFO 18708 --- [movieCrudApp] [restartedMain] j.LocalContainerEntityManagerFactoryBean : Initialized JPA EntityManagerFactory for persistence unit 'default'
2025-04-06T04:03:19.503+02:00  WARN 18708 --- [movieCrudApp] [restartedMain] JpaBaseConfiguration$JpaWebConfiguration : spring.jpa.open-in-view is enabled by default. Therefore, database queries may be performed during view rendering. Explicitly configure spring.jpa.open-in-view to disable this warning
2025-04-06T04:03:19.820+02:00  INFO 18708 --- [movieCrudApp] [restartedMain] o.s.b.d.a.OptionalLiveReloadServer       : LiveReload server is running on port 35729
2025-04-06T04:03:19.850+02:00  INFO 18708 --- [movieCrudApp] [restartedMain] o.s.b.w.embedded.tomcat.TomcatWebServer  : Tomcat started on port 8080 (http) with context path '/'
2025-04-06T04:03:19.862+02:00  INFO 18708 --- [movieCrudApp] [restartedMain] c.example.demo.MovieCrudAppApplication   : Started MovieCrudAppApplication in 5.117 seconds (process running for 5.676)
2025-04-06T04:03:34.741+02:00  INFO 18708 --- [movieCrudApp] [http-nio-8080-exec-2] o.a.c.c.C.[Tomcat].[localhost].[/]       : Initializing Spring DispatcherServlet 'dispatcherServlet'
2025-04-06T04:03:34.742+02:00  INFO 18708 --- [movieCrudApp] [http-nio-8080-exec-2] o.s.web.servlet.DispatcherServlet        : Initializing Servlet 'dispatcherServlet'
2025-04-06T04:03:34.744+02:00  INFO 18708 --- [movieCrudApp] [http-nio-8080-exec-2] o.s.web.servlet.DispatcherServlet        : Completed initialization in 1 ms
2025-04-06T04:03:34.987+02:00  WARN 18708 --- [movieCrudApp] [http-nio-8080-exec-2] .m.m.a.ExceptionHandlerExceptionResolver : Resolved [org.springframework.web.bind.MethodArgumentNotValidException: Validation failed for argument [0] in public org.springframework.http.ResponseEntity<?> com.example.demo.controller.MovieController.addMovie(com.example.demo.model.Movie): [Field error in object 'movie' on field 'director': rejected value [null]; codes [NotNull.movie.director,NotNull.director,NotNull.java.lang.String,NotNull]; arguments [org.springframework.context.support.DefaultMessageSourceResolvable: codes [movie.director,director]; arguments []; default message [director]]; default message [movie must have a director]] ]
2025-04-06T04:04:24.408+02:00  WARN 18708 --- [movieCrudApp] [http-nio-8080-exec-4] .w.s.m.s.DefaultHandlerExceptionResolver : Resolved [org.springframework.http.converter.HttpMessageNotReadableException: JSON parse error: Unexpected character ('"' (code 34)): was expecting comma to separate Object entries]
2025-04-06T04:05:13.345+02:00  INFO 18708 --- [movieCrudApp] [SpringApplicationShutdownHook] o.s.b.w.e.tomcat.GracefulShutdown        : Commencing graceful shutdown. Waiting for active requests to complete
2025-04-06T04:05:13.356+02:00  INFO 18708 --- [movieCrudApp] [tomcat-shutdown] o.s.b.w.e.tomcat.GracefulShutdown        : Graceful shutdown complete
2025-04-06T04:05:13.376+02:00  INFO 18708 --- [movieCrudApp] [SpringApplicationShutdownHook] j.LocalContainerEntityManagerFactoryBean : Closing JPA EntityManagerFactory for persistence unit 'default'
2025-04-06T04:05:13.387+02:00  INFO 18708 --- [movieCrudApp] [SpringApplicationShutdownHook] com.zaxxer.hikari.HikariDataSource       : HikariPool-1 - Shutdown initiated...
2025-04-06T04:05:13.420+02:00  INFO 18708 --- [movieCrudApp] [SpringApplicationShutdownHook] com.zaxxer.hikari.HikariDataSource       : HikariPool-1 - Shutdown completed.
